*filter
:BRANCHLEFT-DEMO-EGRESS - [0:0]
:BRANCHLEFT-DEMO-INPUT - [0:0]
-A BRANCHLEFT-DEMO-EGRESS -m conntrack --ctstate ESTABLISHED,RELATED -j RETURN
-A BRANCHLEFT-DEMO-EGRESS -i docker0 ! -o docker0 -j REJECT
-A BRANCHLEFT-DEMO-EGRESS -i br-+ ! -o br-+ -j REJECT
-A BRANCHLEFT-DEMO-INPUT -m conntrack --ctstate ESTABLISHED,RELATED -j RETURN
-A BRANCHLEFT-DEMO-INPUT -j REJECT
COMMIT
